// Vitest Snapshot v1, https://vitest.dev/guide/snapshot.html

exports[`the sentences the tour renders > en: says what was reviewed, word for word 1`] = `
"[
  {
    "stop": "files",
    "title": "Two brokers, one history",
    "intro": "A tour of the demo: made-up trades at real Banka Slovenije rates. A few cases are not in it, such as a dividend payer's details to fill in.",
    "notes": [
      {
        "lead": "trading212-2023-2026.csv",
        "mono": true,
        "body": "Trading 212, from 2 May 2023. A sale is matched with the purchases before it, so an export reaches back to the oldest of them."
      },
      {
        "lead": "ibkr-flex-2019-2026.xml",
        "mono": true,
        "body": "Interactive Brokers, from 14 Aug 2019. All files are read together, in this tab, and never uploaded. Shares bought at one broker and sold at another are matched across both."
      }
    ]
  },
  {
    "stop": "details",
    "title": "Details for the file header",
    "intro": "FURS needs a few details in the header of each XML file. In the demo they are optional: its files are written for a made-up taxpayer.",
    "notes": [
      {
        "lead": "Tax number (davčna številka)",
        "body": "The 8 digits FURS knows a taxpayer by. With the name and address, it goes into each file's header only; no figure depends on it. A real return needs it."
      }
    ]
  },
  {
    "stop": "summary",
    "title": "Estimates, split by tax rate",
    "intro": "The overview starts with what both returns add up to: the tax to pay, as an estimate.",
    "notes": [
      {
        "lead": "Estimate",
        "body": "TaxReporter prepares the return and estimates the tax. eDavki calculates the final tax, and the FURS assessment is what counts."
      },
      {
        "lead": "Net taxable gain €8,134.33",
        "body": "Gains after normed costs (1% of the purchase value and 1% of the sale value, never more than the gain), with this year's losses set against them: -€427.50."
      },
      {
        "lead": "Net taxable gain by tax rate",
        "body": "The longer shares were held, the lower the rate on their gain. Here €2,863.48\\u00a0×\\u00a025% + €5,270.85\\u00a0×\\u00a020% = €1,770.04."
      }
    ]
  },
  {
    "stop": "saleRate",
    "title": "A sale, its rate and its source",
    "intro": "The inventory list (popisni list) of Apple Inc.: the rows Doh-KDVP will hold for it, one for each purchase and sale.",
    "notes": [
      {
        "lead": "Adjusted for the 4:1 split of 31 Aug 2020",
        "body": "This purchase is shown in shares after the split: quantity and price restated by its 4:1 ratio. The purchase date stays, and with it the holding period."
      },
      {
        "lead": "1 EUR = 1.1547 USD",
        "body": "From Banka Slovenije's list of 12 Mar 2026, the trade date. The list quotes USD per euro, so the price is divided: USD\\u00a0214.87\\u00a0÷\\u00a01.1547 = 186.08296527, rounded to 8 decimal places."
      },
      {
        "lead": "ibkr-flex-2019-2026.xml, row 208",
        "mono": true,
        "body": "Every row names the file and the line it came from, so each figure can be checked against the broker's own export."
      }
    ]
  },
  {
    "stop": "holding",
    "title": "Two lots, two tax rates",
    "intro": "The 45 shares sold were matched with the purchases before the sale, oldest first. Each matched lot keeps its own holding period.",
    "notes": [
      {
        "lead": "20%",
        "body": "Held 6 years, since 14 Aug 2019. Gains are taxed at 25% under 5 completed years of holding, 20% after 5, 15% after 10, and 0% after 15."
      },
      {
        "lead": "25%",
        "body": "First in, first out: the 40 shares bought on 14 Aug 2019 went first, then 5 of the 15 bought on 3 Mar 2022. Each part keeps its own holding period."
      }
    ]
  },
  {
    "stop": "fifoBrokers",
    "title": "First in, first out, across brokers",
    "intro": "NVIDIA Corp. shares were bought at Trading 212 and Interactive Brokers, then sold at Interactive Brokers. Lots are matched by ISIN, whichever broker holds them.",
    "notes": [
      {
        "lead": "Trading 212",
        "body": "The oldest purchase (20, 2 May 2023) is in the Trading 212 file. It is matched first, though the sale was at Interactive Brokers."
      },
      {
        "lead": "25",
        "body": "Sold on 11 Feb 2026: the 20 from Trading 212 first, then 5 of the 15 bought at Interactive Brokers on 5 Aug 2024."
      }
    ]
  },
  {
    "stop": "slices",
    "title": "Small buys, oldest first",
    "intro": "Regular small buys at Trading 212, in fractions of a share and in euros, so no exchange rate applies. Then one sale of 5.2.",
    "notes": [
      {
        "lead": "15 Jan 2024",
        "body": "The oldest buys are sold first, in order: 1.3871 + 1.3304 + 1.2551 + 1.2274 = 5.2."
      },
      {
        "lead": "1.2274",
        "body": "Only 1.2274 of the 1.2287 bought on 15 Oct 2024 was needed. The rest stays held, with its own purchase date and cost."
      }
    ]
  },
  {
    "stop": "loss",
    "title": "A loss that counts",
    "intro": "Sold at a loss. A loss reduces the year's gains, unless the 30-day rule sets it aside.",
    "notes": [
      {
        "lead": "ASML",
        "body": "Bought on 21 Jul 2025, sold on 4 Aug 2026. A loss is set aside, in the part replaced, when the same security was bought in the 30 days before or after the sale. These files show no such purchase, so the whole loss counts."
      },
      {
        "lead": "-€427.50",
        "body": "Proceeds €3,846.90 less cost €4,274.40. A loss gets no normed costs; it is set against the year's gains."
      }
    ]
  },
  {
    "stop": "holiday",
    "title": "A holiday, and the list before it",
    "intro": "Doh-Div lists every dividend on its own row, converted at the rate of the day it was paid.",
    "notes": [
      {
        "lead": "€14.23",
        "body": "USD\\u00a016.65\\u00a0÷\\u00a01.1702 = €14.23: the gross in euros, rounded to the cent."
      },
      {
        "lead": "1 EUR = 1.1702 USD",
        "body": "Paid on 1 May 2026, a TARGET holiday: the euro payment system is closed and Banka Slovenije publishes no list. As for a weekend, TaxReporter uses the last list before it: 30 Apr 2026."
      }
    ]
  },
  {
    "stop": "treaty",
    "title": "A credit capped by the treaty",
    "intro": "Tax withheld abroad is credited against the Slovenian tax on a dividend, up to the rate in the tax treaty with that country.",
    "notes": [
      {
        "lead": "€32.49",
        "body": "Withheld in Germany on the €123.20 gross paid by Allianz SE."
      },
      {
        "lead": "€18.48",
        "body": "The treaty with Germany allows 15%: €123.20\\u00a0×\\u00a015% = €18.48. The rest of the €32.49 withheld does not reduce the Slovenian tax."
      }
    ]
  },
  {
    "stop": "notes",
    "title": "What the notes mean",
    "intro": "Notes say what TaxReporter found in the files and how the rules applied. None in this demo stops a return.",
    "notes": [
      {
        "lead": "Nothing blocks the download.",
        "body": "Notes come in three kinds. “Fix before you download” holds its return back until it is fixed, “Check these” is worth reading, and “For your information” needs nothing."
      },
      {
        "lead": "Trading 212: interest rows (6) are not on these returns.",
        "body": "Rows that are not on these returns are named here rather than left out without a word, so nothing in a file goes missing unnoticed."
      }
    ]
  },
  {
    "stop": "download",
    "title": "Download, then you submit",
    "intro": "Last stop. The demo's files are written exactly like yours, but for a made-up taxpayer: never import them into eDavki.",
    "notes": [
      {
        "lead": "Doh-KDVP",
        "body": "The return for gains on securities: one inventory list (popisni list) for each security sold. Doh-Div, beside it, lists each dividend payment on a row of its own."
      },
      {
        "lead": "Doh_KDVP_2026.xml",
        "mono": true,
        "body": "Written on this device and saved there; nothing is uploaded. In eDavki, a file like this is imported under Dokumenti, then Uvoz."
      },
      {
        "lead": "Download Doh-KDVP",
        "body": "After the import, eDavki shows the form for you to compare with these results and submit yourself. TaxReporter never files, and eDavki calculates the final tax."
      }
    ]
  }
]"
`;

exports[`the sentences the tour renders > sl: says what was reviewed, word for word 1`] = `
"[
  {
    "stop": "files",
    "title": "Dva posrednika, ena zgodovina",
    "intro": "Ogled demo podatkov: izmišljeni posli po pravih tečajih Banke Slovenije. Nekaj primerov v njih ni, na primer podatkov o plačniku dividend, ki jih je treba vpisati.",
    "notes": [
      {
        "lead": "trading212-2023-2026.csv",
        "mono": true,
        "body": "Trading 212, od 2. 5. 2023. Prodaja se poveže z nakupi pred njo, zato izvoz seže do najstarejšega od njih."
      },
      {
        "lead": "ibkr-flex-2019-2026.xml",
        "mono": true,
        "body": "Interactive Brokers, od 14. 8. 2019. Vse datoteke se preberejo skupaj, v tem zavihku, in se nikamor ne naložijo. Delnice, kupljene pri enem posredniku in prodane pri drugem, se povežejo med obema."
      }
    ]
  },
  {
    "stop": "details",
    "title": "Podatki za glavo datoteke",
    "intro": "FURS v glavi vsake datoteke XML potrebuje nekaj podatkov. V demo podatkih niso obvezni: datoteke so zapisane za izmišljenega zavezanca.",
    "notes": [
      {
        "lead": "Davčna številka",
        "body": "Osem števk, po katerih FURS pozna zavezanca. Skupaj z imenom in naslovom gre samo v glavo vsake datoteke; nobena številka ni odvisna od nje. Prava napoved jo potrebuje."
      }
    ]
  },
  {
    "stop": "summary",
    "title": "Ocene, razdeljene po stopnjah",
    "intro": "Pregled se začne s tem, koliko skupaj znašata obe napovedi: z davkom za plačilo, kot oceno.",
    "notes": [
      {
        "lead": "Ocena",
        "body": "TaxReporter pripravi napoved in oceni davek. Končni davek izračunajo eDavki, velja pa odmerna odločba FURS."
      },
      {
        "lead": "Neto davčna osnova 8134,33\\u00a0€",
        "body": "Dobički po normiranih stroških (1 % nabavne in 1 % prodajne vrednosti, nikoli več od dobička), od katerih se odštejejo letošnje izgube: \\u2212427,50\\u00a0€."
      },
      {
        "lead": "Neto davčna osnova po stopnjah",
        "body": "Dlje ko so bile delnice v lasti, nižja je stopnja na njihov dobiček. Tukaj 2863,48\\u00a0€\\u00a0×\\u00a025\\u00a0% + 5270,85\\u00a0€\\u00a0×\\u00a020\\u00a0% = 1770,04\\u00a0€."
      }
    ]
  },
  {
    "stop": "saleRate",
    "title": "Prodaja, njen tečaj in vir",
    "intro": "Popisni list za Apple Inc.: vrstice, ki jih bo zanj vseboval Doh-KDVP, po ena za vsak nakup in prodajo.",
    "notes": [
      {
        "lead": "Prilagojeno za delitev 4:1 z dne 31. 8. 2020",
        "body": "Ta nakup je prikazan v delnicah po delitvi: količina in cena sta preračunani v razmerju 4:1. Datum nakupa ostane enak, z njim pa tudi čas imetništva."
      },
      {
        "lead": "1 EUR = 1,1547 USD",
        "body": "Iz tečajnice Banke Slovenije z dne 12. 3. 2026, dneva posla. Tečajnica navaja USD za en evro, zato se cena deli: 214,87\\u00a0USD\\u00a0÷\\u00a01,1547 = 186,08296527, zaokroženo na 8 decimalnih mest."
      },
      {
        "lead": "ibkr-flex-2019-2026.xml, vrstica 208",
        "mono": true,
        "body": "Vsaka vrstica navaja datoteko in vrstico, iz katere izhaja, zato je vsako številko mogoče preveriti v izvozu posrednika."
      }
    ]
  },
  {
    "stop": "holding",
    "title": "Dva nakupa, dve stopnji",
    "intro": "Prodane delnice (45) so se povezale z nakupi pred prodajo, najprej z najstarejšim. Vsak povezani nakup ohrani svoj čas imetništva.",
    "notes": [
      {
        "lead": "20\\u00a0%",
        "body": "V lasti 6 let, od 14. 8. 2019. Dobiček se obdavči po 25\\u00a0% pod 5 dopolnjenimi leti imetništva, po 20\\u00a0% po 5 letih, po 15\\u00a0% po 10 in po 0\\u00a0% po 15 letih."
      },
      {
        "lead": "25\\u00a0%",
        "body": "Najprej najstarejši: najprej nakup z dne 14. 8. 2019 (40), nato 5 od 15 iz nakupa z dne 3. 3. 2022. Vsak del ohrani svoj čas imetništva."
      }
    ]
  },
  {
    "stop": "fifoBrokers",
    "title": "Najprej najstarejši, prek posrednikov",
    "intro": "Delnice NVIDIA Corp. so bile kupljene pri Trading 212 in Interactive Brokers, prodane pa pri Interactive Brokers. Nakupi se povežejo po kodi ISIN, ne glede na to, pri katerem posredniku so.",
    "notes": [
      {
        "lead": "Trading 212",
        "body": "Najstarejši nakup (20, 2. 5. 2023) je v datoteki Trading 212. Poveže se prvi, čeprav je bila prodaja pri Interactive Brokers."
      },
      {
        "lead": "25",
        "body": "Prodano 11. 2. 2026: najprej 20 pri Trading 212, nato 5 od 15, kupljenih pri Interactive Brokers 5. 8. 2024."
      }
    ]
  },
  {
    "stop": "slices",
    "title": "Majhni nakupi, najprej najstarejši",
    "intro": "Redni majhni nakupi pri Trading 212, v delih delnice in v evrih, zato tečaj ni potreben. Nato ena prodaja: 5,2.",
    "notes": [
      {
        "lead": "15. 1. 2024",
        "body": "Najprej se prodajo najstarejši nakupi, po vrsti: 1,3871 + 1,3304 + 1,2551 + 1,2274 = 5,2."
      },
      {
        "lead": "1,2274",
        "body": "Potrebnih je bilo le 1,2274 od 1,2287, kupljenih 15. 10. 2024. Preostanek ostane v lasti, s svojim datumom nakupa in nabavno vrednostjo."
      }
    ]
  },
  {
    "stop": "loss",
    "title": "Izguba, ki šteje",
    "intro": "Prodano z izgubo. Izguba zmanjša letošnje dobičke, razen če jo izloči pravilo 30 dni.",
    "notes": [
      {
        "lead": "ASML",
        "body": "Kupljeno 21. 7. 2025, prodano 4. 8. 2026. Izguba se izloči v delu, ki je bil nadomeščen, če je bil isti vrednostni papir kupljen v 30 dneh pred prodajo ali po njej. Te datoteke takega nakupa ne kažejo, zato šteje vsa izguba."
      },
      {
        "lead": "\\u2212427,50\\u00a0€",
        "body": "Prodajna vrednost 3846,90\\u00a0€ manj nabavna 4274,40\\u00a0€. Izguba nima normiranih stroškov; odšteje se od letošnjih dobičkov."
      }
    ]
  },
  {
    "stop": "holiday",
    "title": "Praznik in tečajnica pred njim",
    "intro": "Doh-Div navaja vsako dividendo v svoji vrstici, preračunano po tečaju dneva izplačila.",
    "notes": [
      {
        "lead": "14,23\\u00a0€",
        "body": "16,65\\u00a0USD\\u00a0÷\\u00a01,1702 = 14,23\\u00a0€: bruto znesek v evrih, zaokrožen na cent."
      },
      {
        "lead": "1 EUR = 1,1702 USD",
        "body": "Izplačano 1. 5. 2026, na praznik sistema TARGET: plačilni sistem evra ne deluje in Banka Slovenije ne objavi tečajnice. Kot ob koncu tedna TaxReporter uporabi zadnjo pred njim: 30. 4. 2026."
      }
    ]
  },
  {
    "stop": "treaty",
    "title": "Odbitek, omejen s pogodbo",
    "intro": "Davek, odtegnjen v tujini, se odšteje od slovenskega davka na dividendo, največ do stopnje iz pogodbe o izogibanju dvojnega obdavčevanja s to državo.",
    "notes": [
      {
        "lead": "32,49\\u00a0€",
        "body": "Odtegnjeno v državi Nemčija od bruto zneska 123,20\\u00a0€, ki ga je izplačala družba Allianz SE."
      },
      {
        "lead": "18,48\\u00a0€",
        "body": "Pogodba z državo Nemčija dovoljuje 15\\u00a0%: 123,20\\u00a0€\\u00a0×\\u00a015\\u00a0% = 18,48\\u00a0€. Preostanek od 32,49\\u00a0€ odtegnjenega davka ne zmanjša slovenskega davka."
      }
    ]
  },
  {
    "stop": "notes",
    "title": "Kaj pomenijo opombe",
    "intro": "Opombe povedo, kaj je TaxReporter našel v datotekah in kako so se uporabila pravila. Nobena v teh demo podatkih ne ustavi napovedi.",
    "notes": [
      {
        "lead": "Nič ne preprečuje prenosa.",
        "body": "Opombe so treh vrst. „Odpravite pred prenosom“ zadrži napoved, dokler ni popravljeno, „Preverite“ je vredno prebrati, „V vednost“ pa ne zahteva ničesar."
      },
      {
        "lead": "Trading 212: vrstice z obrestmi (6) niso v teh napovedih.",
        "body": "Vrstice, ki jih ni v teh napovedih, so navedene tukaj, namesto da bi bile izpuščene brez besede, zato nič iz datoteke ne izgine neopazno."
      }
    ]
  },
  {
    "stop": "download",
    "title": "Prenos, oddate pa sami",
    "intro": "Zadnji korak. Datoteke demo podatkov so zapisane natanko tako kot vaše, a za izmišljenega zavezanca: nikoli jih ne uvozite v eDavke.",
    "notes": [
      {
        "lead": "Doh-KDVP",
        "body": "Napoved za dobiček od odsvojitve vrednostnih papirjev: en popisni list za vsak prodani vrednostni papir. Doh-Div poleg nje navaja vsako izplačilo dividende v svoji vrstici."
      },
      {
        "lead": "Doh_KDVP_2026.xml",
        "mono": true,
        "body": "Zapisana je na tej napravi in tam shranjena, ničesar se ne naloži. V eDavkih se taka datoteka uvozi pod Dokumenti, nato Uvoz."
      },
      {
        "lead": "Prenesi Doh-KDVP",
        "body": "Po uvozu eDavki prikažejo obrazec, ki ga primerjate s temi rezultati in sami oddate. TaxReporter napovedi nikoli ne odda, končni davek pa izračunajo eDavki."
      }
    ]
  }
]"
`;
